<?xml version="1.0" encoding="UTF-8"?>
<testsuites name="jest tests" tests="7" failures="0" errors="0" time="3.909">
  <testsuite name="Auth Controller Tests" errors="0" failures="0" skipped="0" timestamp="2025-03-12T02:08:31" time="3.819" tests="7">
    <testcase classname="Auth Controller Tests should register a new user" name="Auth Controller Tests should register a new user" time="0.134">
    </testcase>
    <testcase classname="Auth Controller Tests should fail to register a duplicate email" name="Auth Controller Tests should fail to register a duplicate email" time="0.009">
    </testcase>
    <testcase classname="Auth Controller Tests should login with correct credentials" name="Auth Controller Tests should login with correct credentials" time="0.09">
    </testcase>
    <testcase classname="Auth Controller Tests should verify 2FA if required" name="Auth Controller Tests should verify 2FA if required" time="0.002">
    </testcase>
    <testcase classname="Auth Controller Tests should fetch all users" name="Auth Controller Tests should fetch all users" time="0.01">
    </testcase>
    <testcase classname="Auth Controller Tests should update user details" name="Auth Controller Tests should update user details" time="0.012">
    </testcase>
    <testcase classname="Auth Controller Tests should delete a user" name="Auth Controller Tests should delete a user" time="0.007">
    </testcase>
  </testsuite>
</testsuites>